// Jest Snapshot v1, https://goo.gl/fbAQLP

exports[`<SideBarItem/> Should render without errors 1`] = `
<div
  class="menu-item menu-item-inactive"
  data-testid="template-sidebar-item__component"
>
  <div
    class="menu-item-button"
    data-testid="template-sidebar-item__component-menu-item-button"
  >
    <div
      class="menu-item-button-text"
      data-testid="template-sidebar-item__button-text"
    >
      001 the profile name
       (
      12
      )
    </div>
    <div
      class="menu-item-button-edit"
      data-testid="template-sidebar-item__button-edit"
    >
      <svg
        aria-hidden="true"
        class="MuiSvgIcon-root MuiSvgIcon-fontSizeInherit css-1vooibu-MuiSvgIcon-root"
        data-testid="EditIcon"
        focusable="false"
        viewBox="0 0 24 24"
      >
        <path
          d="M3 17.25V21h3.75L17.81 9.94l-3.75-3.75L3 17.25zM20.71 7.04c.39-.39.39-1.02 0-1.41l-2.34-2.34a.9959.9959 0 00-1.41 0l-1.83 1.83 3.75 3.75 1.83-1.83z"
        />
      </svg>
    </div>
    <div
      class="menu-item-button-remove"
      data-testid="template-sidebar-item__button-remove"
    >
      <svg
        aria-hidden="true"
        class="MuiSvgIcon-root MuiSvgIcon-fontSizeInherit css-1vooibu-MuiSvgIcon-root"
        data-testid="DeleteIcon"
        focusable="false"
        viewBox="0 0 24 24"
      >
        <path
          d="M6 19c0 1.1.9 2 2 2h8c1.1 0 2-.9 2-2V7H6v12zM19 4h-3.5l-1-1h-5l-1 1H5v2h14V4z"
        />
      </svg>
    </div>
  </div>
  <div
    class="menu-item-information false"
    data-testid="template-sidebar-item__menu-item-information-wrapper"
  >
    <div
      class="menu-item-infomation-inner"
    >
      Name:
       
      <input
        data-testid="template-sidebar-item__input_profile-name"
        name="profileName"
        type="text"
        value="001 the profile name"
      />
      <br />
      ButtonPads:
      <select
        data-testid="template-sidebar-item__select-button-pads"
        name="buttonPads"
      >
        <option
          value="6"
        >
          6
        </option>
        <option
          value="8"
        >
          8
        </option>
        <option
          value="12"
        >
          12
        </option>
        <option
          value="15"
        >
          15
        </option>
        <option
          value="24"
        >
          24
        </option>
        <option
          value="32"
        >
          32
        </option>
      </select>
      <br />
      <button
        class="menu-item-information-submit"
        data-testid="template-sidebar-item__button-submit"
      >
        submit
      </button>
    </div>
  </div>
</div>
`;
